// Jest Snapshot v1, https://goo.gl/fbAQLP

exports[`<SearchInput /> should match snapshot 1`] = `
<div>
  <input
    class="search-input"
    placeholder="a placeholder"
    type="search"
    value="a value"
  />
</div>
`;
